
> acm-w-ud@0.1.0 test
> react-scripts test --coverage

FAIL src/App.test.tsx
  ✕ renders learn react link (143 ms)

  ● renders learn react link

    TestingLibraryElementError: Unable to find an element with the text: /learn react/i. This could be because the text is broken up by multiple elements. In this case, you can provide a function for your text matcher to make your matcher more flexible.

    Ignored nodes: comments, script, style
    [36m<body>[39m
      [36m<div>[39m
        [36m<div[39m
          [33mclass[39m=[32m"page"[39m
        [36m>[39m
          [36m<div[39m
            [33mclass[39m=[32m"site-header"[39m
          [36m>[39m
            [36m<img[39m
              [33malt[39m=[32m"logo"[39m
              [33mclass[39m=[32m"fram"[39m
              [33mid[39m=[32m"image"[39m
              [33msrc[39m=[32m"whiteLogo.png"[39m
            [36m/>[39m
            [36m<a>[39m
              [36m<button[39m
                [33mclass[39m=[32m"nav-bar-buttons-events btn btn-primary"[39m
                [33mtype[39m=[32m"button"[39m
              [36m>[39m
                [0mEvents[0m
              [36m</button>[39m
            [36m</a>[39m
            [36m<a>[39m
              [36m<button[39m
                [33mclass[39m=[32m"nav-bar-buttons btn btn-primary"[39m
                [33mtype[39m=[32m"button"[39m
              [36m>[39m
                [0mAbout Us[0m
              [36m</button>[39m
            [36m</a>[39m
            [36m<a>[39m
              [36m<button[39m
                [33mclass[39m=[32m"nav-bar-buttons btn btn-primary"[39m
                [33mtype[39m=[32m"button"[39m
              [36m>[39m
                [0mJoin Us[0m
              [36m</button>[39m
            [36m</a>[39m
            [36m<a>[39m
              [36m<button[39m
                [33mclass[39m=[32m"nav-bar-buttons btn btn-primary"[39m
                [33mtype[39m=[32m"button"[39m
              [36m>[39m
                [0mResources[0m
              [36m</button>[39m
            [36m</a>[39m
            [36m<a>[39m
              [36m<button[39m
                [33mclass[39m=[32m"nav-bar-buttons btn btn-primary"[39m
                [33mtype[39m=[32m"button"[39m
              [36m>[39m
                [0mEBoard[0m
              [36m</button>[39m
            [36m</a>[39m
          [36m</div>[39m
          [36m<div[39m
            [33mclass[39m=[32m"page-content"[39m
          [36m>[39m
            [36m<br />[39m
            [36m<div[39m
              [33mstyle[39m=[32m"background-color: rgb(224, 242, 253); overflow: hidden;"[39m
            [36m>[39m
              [36m<section[39m
                [33mid[39m=[32m"events"[39m
              [36m>[39m
                [36m<h1[39m
                  [33mid[39m=[32m"Events"[39m
                [36m>[39m
                  [0mUpcoming Events[0m
                [36m</h1>[39m
                [36m<h2>[39m
                  [0mFall Involvement Fair[0m
                [36m</h2>[39m
                [36m<h2>[39m
                  [0mFirst Fall Meeting[0m
                [36m</h2>[39m
              [36m</section>[39m
            [36m</div>[39m
            [36m<div[39m
              [33mstyle[39m=[32m"background-color: white; overflow: hidden; margin-bottom: 6vh;"[39m
            [36m>[39m
              [36m<section[39m
                [33mid[39m=[32m"about"[39m
              [36m>[39m
                [36m<h1[39m
                  [33mstyle[39m=[32m"margin-top: 6vh;"[39m
                [36m>[39m
                  [0mAbout Us[0m
                [36m</h1>[39m
                [36m<div[39m
                  [33mclass[39m=[32m"container"[39m
                  [33mstyle[39m=[32m"margin-top: 2%;"[39m
                [36m>[39m
                  [36m<div[39m
                    [33mclass[39m=[32m"row"[39m
                  [36m>[39m
                    [36m<div[39m
                      [33mclass[39m=[32m"col"[39m
                    [36m>[39m
                      [36m<p[39m
                        [33mstyle[39m=[32m"font-size: 1vw;"[39m
                      [36m>[39m
                        [0mWe are a group of students that support women and non-binary people in technology-driven fields at the University of Delaware. We like to hang out together to chat and discuss professional or technical topics, as well as to serve as a support group for ourselves and other students . Our goal is to promote women and nonbinary people in technology at UD, have fun and help students succeed in college.[0m
                      [36m</p>[39m
                      [36m<br />[39m
                      [36m<p[39m
                        [33mstyle[39m=[32m"font-size: 1vw;"[39m
                      [36m>[39m
                        [0mACM-W is open to all undergraduate, graduate, and faculty in technology driven fields. Anyone is welcome to join us.[0m
                      [36m</p>[39m
                      [36m<br />[39m
                      [36m<p[39m
                        [33mstyle[39m=[32m"font-size: 1vw;"[39m
                      [36m>[39m
                        [0mWe are a registered chapter of the Association for Computing Machinery's Council on Women in Computing (ACM-W). Learn more about our parent organization here![0m
                      [36m</p>[39m
                      [36m<button[39m
                        [33mclass[39m=[32m"btn btn-primary"[39m
                        [33mstyle[39m=[32m"width: 100%; padding: 5px; font-size: 1.5vw; background-color: rgba(244, 163, 0, 1); border: 0px; margin-top: 1vh;"[39m
                        [33mtype[39m=[32m"button"[39m
                      [36m>[39m
                        [0mLearn more about our parent organization![0m
                      [36m</button>[39m
                    [36m</div>[39m
                    [36m<div[39m
                      [33mclass[39m=[32m"col"[39m
                    [36m>[39m
                      [36m<img[39m
                        [33malt[39m=[32m"logo"[39m
                        [33msrc[39m=[32m"GroupPicture.jpg"[39m
                        [33mstyle[39m=[32m"width: 100%;"[39m
                      [36m/>[39m
                    [36m</div>[39m
                  [36m</div>[39m
                [36m</div>[39m
              [36m</section>[39m
            [36m</div>[39m
            [36m<div[39m
              [33mstyle[39m=[32m"background-color: rgb(224, 242, 253); overflow: hidden;"[39m
            [36m>[39m
              [36m<section[39m
                [33mid[39m=[32m"join"[39m
              [36m>[39m
                [36m<h1[39m
                  [33mstyle[39m=[32m"margin-top: 4vh; margin-bottom: 4vh;"[39m
                [36m>[39m
                  [0mJoin Us[0m
                [36m</h1>[39m
                [36m<div[39m
                  [33mstyle[39m=[32m"display: flex; justify-content: center; margin-bottom: 6vh;"[39m
                [36m>[39m
                  [36m<iframe[39m
                    [33msrc[39m=[32m"https://forms.gle/sdKo1PJ4JWxFqqfo7"[39m
                    [33mstyle[39m=[32m"width: 70vw; height: 60vh;"[39m
                    [33mtitle[39m=[32m"join email list google form"[39m
                  [36m/>[39m
                [36m</div>[39m
              [36m</section>[39m
            [36m</div>[39m
            [36m<div[39m
              [33mstyle[39m=[32m"background-color: white; margin-top: 0px; margin-bottom: 6vh; overflow: hidden;"[39m
            [36m>[39m
              [36m<section[39m
                [33mid[39m=[32m"resources"[39m
              [36m>[39m
                [36m<h1[39m
                  [33mstyle[39m=[32m"margin-top: 6vh; margin-bottom: 4vh;"[39m
                [36m>[39m
                  [0mResources[0m
                [36...

    [0m [90m  5 |[39m test([32m'renders learn react link'[39m[33m,[39m () [33m=>[39m {
     [90m  6 |[39m   render([33m<[39m[33mApp[39m [33m/[39m[33m>[39m)[33m;[39m
    [31m[1m>[22m[39m[90m  7 |[39m   [36mconst[39m linkElement [33m=[39m screen[33m.[39mgetByText([35m/learn react/i[39m)[33m;[39m
     [90m    |[39m                              [31m[1m^[22m[39m
     [90m  8 |[39m   expect(linkElement)[33m.[39mtoBeInTheDocument()[33m;[39m
     [90m  9 |[39m })[33m;[39m
     [90m 10 |[39m[0m

      at Object.getElementError (node_modules/@testing-library/react/node_modules/@testing-library/dom/dist/config.js:37:19)
      at node_modules/@testing-library/react/node_modules/@testing-library/dom/dist/query-helpers.js:76:38
      at node_modules/@testing-library/react/node_modules/@testing-library/dom/dist/query-helpers.js:52:17
      at getByText (node_modules/@testing-library/react/node_modules/@testing-library/dom/dist/query-helpers.js:95:19)
      at Object.<anonymous> (src/App.test.tsx:7:30)
      at TestScheduler.scheduleTests (node_modules/@jest/core/build/TestScheduler.js:333:13)
      at runJest (node_modules/@jest/core/build/runJest.js:404:19)
      at _run10000 (node_modules/@jest/core/build/cli/index.js:320:7)
      at runCLI (node_modules/@jest/core/build/cli/index.js:173:3)

---------------------|---------|----------|---------|---------|-------------------
File                 | % Stmts | % Branch | % Funcs | % Lines | Uncovered Line #s 
---------------------|---------|----------|---------|---------|-------------------
All files            |   16.66 |        0 |    37.5 |   16.66 |                   
 src                 |    8.33 |        0 |   33.33 |    8.33 |                   
  App.tsx            |     100 |      100 |     100 |     100 |                   
  index.tsx          |       0 |      100 |     100 |       0 | 9-21              
  reportWebVitals.ts |       0 |        0 |       0 |       0 | 3-10              
 src/Components      |   33.33 |      100 |      40 |   33.33 |                   
  Eboard.tsx         |     100 |      100 |     100 |     100 |                   
  Events.tsx         |       0 |      100 |       0 |       0 | 9-16              
  Home.tsx           |      50 |      100 |      50 |      50 | 91                
---------------------|---------|----------|---------|---------|-------------------
Test Suites: 1 failed, 1 total
Tests:       1 failed, 1 total
Snapshots:   0 total
Time:        2.844 s
Ran all test suites.
[0;33mOne of your dependencies, babel-preset-react-app, is importing the
"@babel/plugin-proposal-private-property-in-object" package without
declaring it in its dependencies. This is currently working because
"@babel/plugin-proposal-private-property-in-object" is already in your
node_modules folder for unrelated reasons, but it [1mmay break at any time[0;33m.

babel-preset-react-app is part of the create-react-app project, [1mwhich
is not maintianed anymore[0;33m. It is thus unlikely that this bug will
ever be fixed. Add "@babel/plugin-proposal-private-property-in-object" to
your devDependencies to work around this error. This will make this message
go away.[0m
  
